// Jest Snapshot v1, https://goo.gl/fbAQLP

exports[`Tests: <GifItem /> should match snapshot 1`] = `
<div>
  <div
    class="card"
  >
    <img
      alt="Vegeta"
      src="https://dragon-ball.com/vegeta.jpg"
    />
    <p>
      Vegeta
    </p>
  </div>
</div>
`;
